// Jest Snapshot v1, https://goo.gl/fbAQLP

exports[`HelpTooltip should take a snapshot 1`] = `
<DocumentFragment>
  <div
    aria-label="HelpTooltip"
    class="root"
  >
    <span
      class="icon iconNotvisible"
    >
      <span
        aria-label="Dashicon"
        class="dashicons dashicons-info"
      />
    </span>
  </div>
</DocumentFragment>
`;
